// Jest Snapshot v1, https://goo.gl/fbAQLP

exports[`a copyright component should render 1`] = `
<div
  className="copyright-footer"
>
  Copyright Â© 
  
  2019
   
  
  Curious Programmer
  . 
  
  Made with Gatsby v2 and other 
  
  <a
    href="/credits"
    onClick={[Function]}
    onMouseEnter={[Function]}
  >
    cool stuff
  </a>
  .
</div>
`;
