// Jest Snapshot v1, https://goo.gl/fbAQLP

exports[`a meta data component should render 1`] = `null`;
