// Jest Snapshot v1, https://goo.gl/fbAQLP

exports[`a credit component should render 1`] = `
<div
  className="credit"
>
  <span />
  <a
    className=""
    rel="nofollow noopener noreferrer "
    target="_blank"
  />
</div>
`;
