// Jest Snapshot v1, https://goo.gl/fbAQLP

exports[`an external link component should render 1`] = `
<a
  className=""
  href="http://www.google.com/"
  rel="nofollow noopener noreferrer "
  target="_blank"
>
  Google
</a>
`;
