// Jest Snapshot v1, https://goo.gl/fbAQLP

exports[`a social link component should render 1`] = `
<span>
  <a
    className=""
    rel="nofollow noopener noreferrer "
    target="_blank"
  />
</span>
`;
