// Jest Snapshot v1, https://goo.gl/fbAQLP

exports[`a facebook share component should render 1`] = `
<div
  className="SocialMediaShareButton SocialMediaShareButton--facebook"
  onClick={[Function]}
  onKeyPress={[Function]}
  role="button"
  style={Object {}}
  tabIndex="0"
>
  <div
    style={
      Object {
        "height": 52,
        "width": 52,
      }
    }
  >
    <svg
      className="social-icon social-icon--facebook "
      height={52}
      viewBox="0 0 64 64"
      width={52}
    >
      <g>
        <circle
          cx="32"
          cy="32"
          fill="#3b5998"
          r="31"
          style={Object {}}
        />
      </g>
      <g>
        <path
          d="M34.1,47V33.3h4.6l0.7-5.3h-5.3v-3.4c0-1.5,0.4-2.6,2.6-2.6l2.8,0v-4.8c-0.5-0.1-2.2-0.2-4.1-0.2 c-4.1,0-6.9,2.5-6.9,7V28H24v5.3h4.6V47H34.1z"
          fill="white"
        />
      </g>
    </svg>
  </div>
  <div
    className="SocialMediaShareCount"
  />
</div>
`;
