// Jest Snapshot v1, https://goo.gl/fbAQLP

exports[`a tag component should render 1`] = `
<span
  className="tag"
/>
`;
