// Jest Snapshot v1, https://goo.gl/fbAQLP

exports[`a search icon component should render 1`] = `
<div
  className="icon search active"
  onClick={[Function]}
>
  <i />
</div>
`;
